// Jest Snapshot v1, https://goo.gl/fbAQLP

exports[`PrimeaV3Factory #createPool gas 1`] = `4557092`;

exports[`PrimeaV3Factory factory bytecode size 1`] = `24535`;

exports[`PrimeaV3Factory pool bytecode size 1`] = `22142`;
